Last login: Tue Jun 10 17:38:50 on console
(base) anhhuynh@MacBookAir ~ % jshell
|  Welcome to JShell -- Version 21.0.7
|  For an introduction type: /help intro

jshell> short myMinShortValue = Short.MIN_VALUE; int myMinIntValue = Integer.MIN_VALUE;
myMinShortValue ==> -32768
myMinIntValue ==> -2147483648

jshell> byte myMinByteValue = Byte.MIN_VALUE, myMaxByteValue = Byte.MAX_VALUE
myMinByteValue ==> -128
myMaxByteValue ==> 127

jshell> short firstShort = 1, int firstInteger = 2;
|  Error:
|  <identifier> expected
|  short firstShort = 1, int firstInteger = 2;
|                       ^

jshell> short firstShort = 1; int firstInteger = 2;
firstShort ==> 1
firstInteger ==> 2

jshell> byte firstByte = 1, byte secondByte = 2;
|  Error:
|  <identifier> expected
|  byte firstByte = 1, byte secondByte = 2;
|                     ^

jshell> byte firstByte = 1, secondByte = 2;
firstByte ==> 1
secondByte ==> 2

jshell> /vars
|    short myMinShortValue = -32768
|    int myMinIntValue = -2147483648
|    byte myMinByteValue = -128
|    byte myMaxByteValue = 127
|    short firstShort = 1
|    int firstInteger = 2
|    byte firstByte = 1
|    byte secondByte = 2

jshell> int myTotal = (myMinIntValue/2);
myTotal ==> -1073741824

jshell> byte myNewByteValue = (myMinByteValue /2);
|  Error:
|  incompatible types: possible lossy conversion from int to byte
|  byte myNewByteValue = (myMinByteValue /2);
|                         ^---------------^

jshell> byte myNewByteValue = (byte) (myMinByteValue /2)
myNewByteValue ==> -64

jshell> short myNewShortValue = (short) (myMinShortValue /2);

myNewShortValue ==> -16384

jshell> 
